[backblue.gif]
[fade.gif]
[index.html]
[asparagus.ae/index.html]
[asparagus.ae/ar/home.html]
[asparagus.ae/ar/homec582.html]
[asparagus.ae/ar/about.html]
[asparagus.ae/ar/mealplans.html]
[asparagus.ae/ar/contact.html]
[asparagus.ae/en/home.html]
[asparagus.ae/storage/system/sliders/AH23QHPj3KaCRjStCsNbwVO9QvMKmEJlBntZSwei.jpg]
[asparagus.ae/ar/menu/main-course/herbed-roasted-salmon.html]
[asparagus.ae/storage/system/sliders/z6hI2W6cWUl0aT9hcuoXKZ80oAjhWcx4S8rWi75J.jpg]
[asparagus.ae/ar/menu/breakfast/french-toast.html]
[asparagus.ae/storage/system/sliders/zE1SrM8C6fyo6Fb9yXQ2xeU9f16EZq1c2g1o4Aq0.jpg]
[asparagus.ae/ar/menu/snack/mango-cheesecake.html]
[asparagus.ae/storage/system/sliders/J3h7SBE8aeFvbdXdiRUuD01lFrGxs1UwQyX70iJ7.jpg]
[asparagus.ae/ar/menu/salad/chicken-salad.html]
[asparagus.ae/storage/system/sliders/mobilePWi8vVjZOoMOqD4mQ59BOYZLmeoiyhr7c1jLbJwg.jpg]
[asparagus.ae/storage/system/sliders/mobilePJDWKEWhRuAZugd3HUh6GcJmFCMiemwiQCOrDftL.jpg]
[asparagus.ae/storage/system/sliders/mobilewG3VvdmAeiHvXPAuEQtdW3AIF4pcdlqtJUoYPPJG.jpg]
[asparagus.ae/storage/system/sliders/mobileNFmnBy73ArGNxNeFcra0jXAbDoSte9QJ03BbjIAi.jpg]
[asparagus.ae/ar/menu/smoothies/banana-protein-milkshake.html]
[asparagus.ae/storage/system/items/vIhxAuTX4Qz9e3YmJ8TPWlzgMC73iuV8bBEBm7Me.jpg]
[asparagus.ae/ar/menu/burger-and-sandwiches/cheese-on-egg-white-sandwich.html]
[asparagus.ae/storage/system/items/T9ZMI5cbjBoK1YuvVsosDQOyYWXLQSaFmiAvij8g.jpg]
[asparagus.ae/ar/menu/main-course/lentil-rice-with-crispy-sliced-chicken.html]
[asparagus.ae/storage/system/items/NR6icRtKGmmIuaUAjO7OmYxAHdFZvFycB4HxvcTd.jpg]
[asparagus.ae/ar/menu/main-course/bukheri-chicken-kebab.html]
[asparagus.ae/storage/system/items/bMOXA7g69y1oXn8uZ8OyAfifBoqyyk2LeszpPE0d.jpg]
[asparagus.ae/ar/menu/smoothies/avocado-smoothie.html]
[asparagus.ae/storage/system/items/0WCfEQAv2wqeZIvv6MuMf41D0RPrUAxa5jmKu3sj.jpg]
[asparagus.ae/ar/menu/snack/toasted-grilled-halloumi.html]
[asparagus.ae/storage/system/items/kWiWYbz8RICAjedmoCGhk299iNCrp1xAufbImlHy.jpg]
[asparagus.ae/images/banner.jpg]
[asparagus.ae/images/banner_m.jpg]
[asparagus.ae/ar/privacy-policy.html]
[asparagus.ae/ar/menu.html]
[asparagus.ae/ar/terms.html]
[asparagus.ae/ar/login.html]
[asparagus.ae/js/scriptf289.js]
[asparagus.ae/js/appabc9.js]
[asparagus.ae/js/appMobilee79a.js]
[asparagus.ae/ar/home.html]
[asparagus.ae/images/logo/logo_icon.svg]
[asparagus.ae/css/app2247.css]
[asparagus.ae/css/app-rtle8c5.css]
[asparagus.ae/ar/menu/burger-and-sandwiches/lamb-burguer.html]
[asparagus.ae/storage/system/items/xhHvWyZvV0j653UqvF1LaESuGavfDixMBzZy25pK.jpg]
[asparagus.ae/ar/menu/main-course/salmon-kebab-risotto.html]
[asparagus.ae/storage/system/items/HufoQmJ977aXuMYXRDJUrLK8sDHuysmVrz9KLrL9.jpg]
[asparagus.ae/ar/menu/smoothies/mango-peach-smoothie.html]
[asparagus.ae/storage/system/items/EkWX1oW0059JF9Dqyr5j4FEeb3O9WQTIKGltQbWy.jpg]
[asparagus.ae/ar/menu/main-course/coleslaw-crispy-prawn.html]
[asparagus.ae/storage/system/items/S2GtCvudh5jI803mcKo8Y99TFkifdQxtjZUVqCrG.jpg]
[asparagus.ae/ar/menu/burger-and-sandwiches/crispy-chicken-tortilla.html]
[asparagus.ae/storage/system/items/x7FRt8HIB7TCxxasXKohsB0Ou16smY9QmlA2V1az.jpg]
[asparagus.ae/ar/menu/pasta-and-pizza/meat-lasagna.html]
[asparagus.ae/storage/system/items/rghmEBmggfc2Aqrc7EJT3z1qCUxuPw408fNdMIQf.jpg]
[asparagus.ae/ar/homec582.html]
[asparagus.ae/images/logo/logo_ar.svg]
[asparagus.ae/en/about.html]
[asparagus.ae/images/about_banner.jpg]
[asparagus.ae/images/about_banner_m.jpg]
[asparagus.ae/images/asparagus_office.jpg]
[asparagus.ae/images/about/meal1.jpg]
[asparagus.ae/images/about/meal_m1.jpg]
[asparagus.ae/images/about/meal2.jpg]
[asparagus.ae/images/about/meal_m2.jpg]
[asparagus.ae/images/about/meal3.jpg]
[asparagus.ae/images/about/meal_m3.jpg]
[asparagus.ae/images/about/meal4.jpg]
[asparagus.ae/images/about/meal_m4.jpg]
[asparagus.ae/images/chief_ar.png]
[asparagus.ae/ar/about.html]
[asparagus.ae/en/mealplans.html]
[asparagus.ae/images/mealplans_banner.jpg]
[asparagus.ae/images/mealplans_banner_m.jpg]
[asparagus.ae/images/mealplans_image1.jpg]
[asparagus.ae/images/mealplans_image1_m.jpg]
[asparagus.ae/images/mealplans_image2.jpg]
[asparagus.ae/images/mealplans_image2_m.jpg]
[asparagus.ae/images/iphone.png]
[asparagus.ae/images/iphone_m.png]
[asparagus.ae/ar/mealplans.html]
[asparagus.ae/en/contact.html]
[asparagus.ae/images/contact_banner.jpg]
[asparagus.ae/images/contact_banner_m.jpg]
[asparagus.ae/images/contact_form.jpg]
[asparagus.ae/images/contact_form_m.jpg]
[asparagus.ae/ar/contact.html]
[asparagus.ae/en/home9cfe.html]
[asparagus.ae/en/menu/main-course/herbed-roasted-salmon.html]
[asparagus.ae/en/menu/breakfast/french-toast.html]
[asparagus.ae/en/menu/snack/mango-cheesecake.html]
[asparagus.ae/en/menu/salad/chicken-salad.html]
[asparagus.ae/en/menu/snack/peanut-butter-cheesecake.html]
[asparagus.ae/storage/system/items/jDT9G0gjcbnDC14H6D7ebB7Xwlat6NdtelhJ6UJD.jpg]
[asparagus.ae/en/menu/drinks/pure-orange-chia.html]
[asparagus.ae/storage/system/items/3RFUhQ5DX1F62mpf9kTgoePH7PFf7WfNdcae5nYi.jpg]
[asparagus.ae/en/menu/main-course/chicken-sushi.html]
[asparagus.ae/storage/system/items/HNpp1U92aDswHMftmgm7nYUGxgdBD06La3UaNFDE.jpg]
[asparagus.ae/en/menu/main-course/shrimp-taco-with-tomato-rice.html]
[asparagus.ae/storage/system/items/0hGDEzxGywEfn21mI2g1mVunTvGr6okz6ZXF10n5.jpg]
[asparagus.ae/en/menu/burger-and-sandwiches/halloumi-club-sandwich.html]
[asparagus.ae/storage/system/items/svnY8mmxze79TBfjkTLVlsq0nh22IAEDqdO7lHgt.jpg]
[asparagus.ae/en/menu/breakfast/stuffed-french-chocolate-pancake.html]
[asparagus.ae/storage/system/items/YYQoJUIwDswfBSiv1uBWx6s3fL3dpsAONXYIRYkl.jpg]
[asparagus.ae/en/menu.html]
[asparagus.ae/en/privacy-policy.html]
[asparagus.ae/en/terms.html]
[asparagus.ae/en/home.html]
[asparagus.ae/images/icons/en.svg]
[asparagus.ae/en/login.html]
[asparagus.ae/storage/system/items/ztdIQDrJMgDYQ0BlNV1X8vCZWx3yq4oEHdi6vAag.jpg]
[asparagus.ae/ar/menu/main-course/asparagus-beef.html]
[asparagus.ae/storage/system/items/VkIsG8DnNZqVcycNsPsPZH0DEz2zHjOoHOYY4pQc.jpg]
[asparagus.ae/ar/menu/main-course/chicken-sushi.html]
[asparagus.ae/ar/menu/main-course/chicken-tandoori-with-rice.html]
[asparagus.ae/storage/system/items/jEEpCWcAp4OFrex9q0SudRsSOIG61Y2xBvaFwDdE.jpg]
[asparagus.ae/ar/menu/main-course/beef-biriyani.html]
[asparagus.ae/storage/system/items/aIeX5IVwabiIs7xtwfHoLsYRyaIe74CtiHnHzVNV.jpg]
[asparagus.ae/ar/menu/main-course/beef-steak-hummus.html]
[asparagus.ae/storage/system/items/GJw8tiiiGKpydAAMznodaYJHIotsk3De6Pi5aJAl.jpg]
[asparagus.ae/ar/menu/main-course/crispy-chicken-schnitzel.html]
[asparagus.ae/storage/system/items/P9mRXVWKzfbn8MDE5XfNVpZA9eJamwFsq3IadWMQ.jpg]
[asparagus.ae/ar/menu/main-course/crispy-corn-flakes-chicken.html]
[asparagus.ae/storage/system/items/9WaIyHJN0bMtjzUdMsCdJ5MzjHq7fdrVB2GeAvhL.jpg]
[asparagus.ae/ar/menu/main-course/green-rice-chicken.html]
[asparagus.ae/storage/system/items/3I8MX2EhQcQ4YVQHIEJXInOxpaANvRPD7iwk6G81.jpg]
[asparagus.ae/ar/menu/main-course/shrimp-sushi.html]
[asparagus.ae/storage/system/items/GVaeGD6aRi63yn0UlwPEfoiWVRfYRm1w1AjhO04G.jpg]
[asparagus.ae/ar/menu/main-course/baked-cream-dory-fillet.html]
[asparagus.ae/storage/system/items/emL3rcIRzZXtImzKe1uapNdBAUCcyQa7zFsbnNzn.jpg]
[asparagus.ae/ar/menu/main-course/herbed-roasted-salmon.html]
[asparagus.ae/storage/system/items/yBFTUFaxKmXzF5Kh6gd8Fl8fzQuO8JpZtmg0L5Vv.jpg]
[asparagus.ae/ar/menu/breakfast/asparagus-foul.html]
[asparagus.ae/storage/system/items/kyPtxVQBszBc7agA9tIEuNIpBsHJ34PAWEnNJWo8.jpg]
[asparagus.ae/ar/menu/breakfast/balaleeth-and-omelet.html]
[asparagus.ae/storage/system/items/zphTlWHaRjywoBT4H1OtfhfbH9VdyJbOfevMd1Rm.jpg]
[asparagus.ae/ar/menu/breakfast/avocado-toast.html]
[asparagus.ae/storage/system/items/KSNQelxYZxTX9Y66IG7cYXe5AdCQ5o0GJja4DVBp.jpg]
[asparagus.ae/ar/menu/breakfast/egg-white-omelet.html]
[asparagus.ae/storage/system/items/xbRKKw39wZJXjbGFuQABTAk8RIjSuolPFMQGxc7b.jpg]
[asparagus.ae/ar/menu/breakfast/milk-oatmeal.html]
[asparagus.ae/storage/system/items/cigbXCJGkYK3g1v5Ok19NEGeDgHAFZUGxaInMKAg.jpg]
[asparagus.ae/ar/menu/breakfast/balaleeth-shakshoka.html]
[asparagus.ae/storage/system/items/S9Fsr9KYShrcNM1cgy9bR3KP9GfMFOEVDwkwaaNM.jpg]
[asparagus.ae/ar/menu/breakfast/protein-chia-pudding.html]
[asparagus.ae/storage/system/items/tJ4iajQGy5kbZuPaw3OXKMAA5q0BsnLcDO6Lhb2I.jpg]
[asparagus.ae/ar/menu/breakfast/chia-oats.html]
[asparagus.ae/storage/system/items/zBPzyNZvROP4f786dUnsCEIPAIY0j8lVaRyP39L1.jpg]
[asparagus.ae/ar/menu/breakfast/balaleeth-and-egg.html]
[asparagus.ae/storage/system/items/zTQjwQfgORIp6lNtijAo5V2Gi3UeT5WH2bAt7PV1.jpg]
[asparagus.ae/ar/menu/breakfast/waffles.html]
[asparagus.ae/storage/system/items/vR6vd9qOKDr0Bn2RxcpFh2zCvtbya0ODy5iMtYnh.jpg]
[asparagus.ae/ar/menu/breakfast/zaatar-cheese-and-labneh-manakeesh.html]
[asparagus.ae/storage/system/items/sICAMHBSMKKkZZtmOdam6Z84JNj0NIW1FpMC5LMt.jpg]
[asparagus.ae/ar/menu/breakfast/turkey-scrambled-egg.html]
[asparagus.ae/storage/system/items/lZIxUdUV6V9YsO7XwXbKiE44E86w2p2EwKnUZFgY.jpg]
[asparagus.ae/ar/menu/breakfast/french-toast.html]
[asparagus.ae/storage/system/items/wYoskD8oWBnyJFsPr6UPEy4o4Z33rYx2xHXvxW52.jpg]
[asparagus.ae/ar/menu/snack/oats-cake-with-saffron-milk.html]
[asparagus.ae/storage/system/items/Vi79WEut0DJuryKNEBVizZlUrTsRLsY97zJYC3lo.jpg]
[asparagus.ae/ar/menu/snack/mozzarella-sticks.html]
[asparagus.ae/storage/system/items/GNW0qhdylO6iyjqBs9KA3d18VpXiCvAtqcrtyc47.jpg]
[asparagus.ae/ar/menu/snack/fruit-salad.html]
[asparagus.ae/storage/system/items/Y82VIZ3ytRMfDU5WiH1B4EzhKZjqXkEKraX0SSz8.jpg]
[asparagus.ae/ar/menu/snack/guacamole-and-jam-toast.html]
[asparagus.ae/storage/system/items/Do1HOgUhjidB8QG15RnyKd1nqaGELdoajAHzu3pd.jpg]
[asparagus.ae/ar/menu/snack/protein-ball.html]
[asparagus.ae/storage/system/items/smNzPW3qnGZ5UHKXmsrc5Dj7vGlt6VSrGkbAEJYs.jpg]
[asparagus.ae/ar/menu/snack/peanut-butter-cheesecake.html]
[asparagus.ae/ar/menu/snack/chicken-samosa.html]
[asparagus.ae/storage/system/items/63Fc4D958SlSavOMfWOrVm9etuFpd33T6wPXkC7b.jpg]
[asparagus.ae/ar/menu/snack/chocolate-chip-muffins.html]
[asparagus.ae/storage/system/items/E82HaK6UNXBOE0jIaXtY2Ed8emUwfwV1Bane5LGp.jpg]
[asparagus.ae/ar/menu/snack/asparagus-healthy-cookies.html]
[asparagus.ae/storage/system/items/fddN0hikcsZP0uxq5y4q8DnvxICpz53Q9pFjeX2R.jpg]
[asparagus.ae/ar/menu/snack/falafel.html]
[asparagus.ae/storage/system/items/4ZdWWsAuEKhxzws6vxR5jiKCLIii6TnXYFU2s04k.jpg]
[asparagus.ae/ar/menu/snack/mango-cheesecake.html]
[asparagus.ae/storage/system/items/DPO0IgZChIGRinhPmiTyszRBPTsKhJiD3bki8DCp.jpg]
[asparagus.ae/ar/menu/salad/caesar-salad.html]
[asparagus.ae/storage/system/items/o5bQOMZN5t97W3ACkiId6k4dPSEO1Q7RvsKbrHIJ.jpg]
[asparagus.ae/ar/menu/salad/zaatar-with-feta-cheese-salad.html]
[asparagus.ae/storage/system/items/Y89HScm2VdFg8t2liFTIntLXRQ6OODoEXnwuGMZK.jpg]
[asparagus.ae/ar/menu/salad/honey-mustard-orange-salad.html]
[asparagus.ae/storage/system/items/B8Mk4qSI40V9lPBA6mCZVohAjBg5TiYlWKxDBoVY.jpg]
[asparagus.ae/ar/menu/salad/egg-and-quinoa-salad.html]
[asparagus.ae/storage/system/items/wQSgmELnS7kOQ49MFAa090VBYPdTWoS3bv4Z8JYb.jpg]
[asparagus.ae/ar/menu/salad/poached-egg-salad.html]
[asparagus.ae/storage/system/items/HGeOTp7XABk2RLgMUc933GrZZRm2Tv8j66FD9Vdh.jpg]
[asparagus.ae/ar/menu/salad/pumpkin-eggplant-salad.html]
[asparagus.ae/storage/system/items/tqBc49DvhiUZzvo9skHHzqZesoZ0pLNr8vqOfzGl.jpg]
[asparagus.ae/ar/menu/salad/halloumi-salad.html]
[asparagus.ae/storage/system/items/X8yTf9iSiUPhEcJctHQdQmymz9Rh5WNWjIBlYzoE.jpg]
[asparagus.ae/ar/menu/salad/chicken-salad.html]
[asparagus.ae/en/menu/smoothies/banana-protein-milkshake.html]
[asparagus.ae/ar/menu/smoothies/strawberry-protein-milkshake.html]
[asparagus.ae/storage/system/items/hhBTORBwwtDHavE5nHJcZ1XUo6REniCWgiJtyXrt.jpg]
[asparagus.ae/ar/menu/smoothies/acai-smoothie.html]
[asparagus.ae/storage/system/items/Wj7EouW2ZdkZ7f6MLE2EVx5ARRmoGpnbYGpPqmXU.jpg]
[asparagus.ae/ar/menu/smoothies/super-fuel.html]
[asparagus.ae/storage/system/items/SVJ5wYBOmhuEDGVlcc7ThlPHpzVt4Ip3ECByGLJM.jpg]
[asparagus.ae/ar/menu/smoothies/coco-colada.html]
[asparagus.ae/storage/system/items/xzK49lpqqiEUnBDM2s0QEqk9KvnM0xFTHHF2UuFG.jpg]
[asparagus.ae/ar/menu/smoothies/mango-madness.html]
[asparagus.ae/storage/system/items/6pWphJng4MzulkhfUVxOFAGTCUilRi08BEdfnmW0.jpg]
[asparagus.ae/ar/menu/smoothies/summer-punch.html]
[asparagus.ae/storage/system/items/mLERMWlykaUrqb2YsCRW2vs26p6bBLaBYqA7l9x0.jpg]
[asparagus.ae/ar/menu/smoothies/strawberry-split.html]
[asparagus.ae/storage/system/items/r0F5ejFNw6BimkiQLyR2Si0VmfHeER7nuzTJABNr.jpg]
[asparagus.ae/ar/menu/smoothies/berry-bust.html]
[asparagus.ae/storage/system/items/nifEii8H4GrFupsxOrkoFfbotSvhPuTiHp45fsxM.jpg]
[asparagus.ae/ar/menu/smoothies/vanilla-protein-milkshake.html]
[asparagus.ae/storage/system/items/h5Nie6dYpvSsWpMNOfT9zzkJVpdR2DrndSeWZPUP.jpg]
[asparagus.ae/ar/menu/smoothies/banana-protein-milkshake.html]
[asparagus.ae/en/menu/burger-and-sandwiches/cheese-on-egg-white-sandwich.html]
[asparagus.ae/ar/menu/burger-and-sandwiches/asparagus-beef-burger.html]
[asparagus.ae/storage/system/items/QissK4yPsJs6yRvzR9UIdkfLtNVpuZO9chqFp1bx.jpg]
[asparagus.ae/ar/menu/burger-and-sandwiches/traditional-chicken-shawarma.html]
[asparagus.ae/storage/system/items/8NCYUpgKT5nk6HrltOjzNPmxfznaXznJ4LFIfrDP.jpg]
[asparagus.ae/ar/menu/burger-and-sandwiches/halloumi-sandwich.html]
[asparagus.ae/storage/system/items/HfZSuH2unYfYYHMil6BG0EgO9o4icllOi9tKbIZl.jpg]
[asparagus.ae/ar/menu/burger-and-sandwiches/roasted-beef-tortilla.html]
[asparagus.ae/storage/system/items/YJVCm0ml4cPkCqNAaw3uFGwuGA5sbshQchOvPFN1.jpg]
[asparagus.ae/ar/menu/burger-and-sandwiches/chicken-quesadilla.html]
[asparagus.ae/storage/system/items/ZSrRw2Q1mxK6uK1Le40ZaX107YRfnMGetnOXwZiJ.jpg]
[asparagus.ae/ar/menu/burger-and-sandwiches/tuna-wrap.html]
[asparagus.ae/storage/system/items/yYFfuQ7AgxdylWP92KLXxZJWzJNQHUOpJajEBOMl.jpg]
[asparagus.ae/ar/menu/burger-and-sandwiches/guacamole-chicken-burger.html]
[asparagus.ae/storage/system/items/8JrIdzBSFO3dLPJB01ckE7y0G91hP371aT6y2FSg.jpg]
[asparagus.ae/ar/menu/burger-and-sandwiches/tenderloin-beef-burger-in-sweet-potato-bun.html]
[asparagus.ae/storage/system/items/SIh2qLtiv06sS1euHonVt7c0fbXwVdtW1122gJFH.jpg]
[asparagus.ae/ar/menu/burger-and-sandwiches/smoked-chicken-wrap.html]
[asparagus.ae/storage/system/items/asvz0aOfJcCzosGRLcBsUivcvozHMwlNiQO1nWq7.jpg]
[asparagus.ae/ar/menu/burger-and-sandwiches/shawarma-manakeesh.html]
[asparagus.ae/storage/system/items/klXvC5ZEsMn0GEXyG0CqPajWnoLxhn35gxXfFxkR.jpg]
[asparagus.ae/ar/menu/burger-and-sandwiches/cheese-on-egg-white-sandwich.html]
[asparagus.ae/en/menu/main-course/lentil-rice-with-crispy-sliced-chicken.html]
[asparagus.ae/ar/menu/main-course/beef-kebab.html]
[asparagus.ae/storage/system/items/oe2rR26Ezfb5Wzo0LgbPBMCgCeuEsZNAYuPvvpwI.jpg]
[asparagus.ae/ar/menu/main-course/lamb-mandi.html]
[asparagus.ae/storage/system/items/R93bMSaf0F1pL1UlrmxFsX2wlbdppOQ5zg3S5Mdy.jpg]
[asparagus.ae/ar/menu/main-course/asparagus-special-noodles.html]
[asparagus.ae/storage/system/items/A73A540PMEqQKbjjDykuNYKKWMDhz1OFCb1jQD88.jpg]
[asparagus.ae/ar/menu/main-course/chicken-kabsa.html]
[asparagus.ae/storage/system/items/8PXyUrpPY6QQwhTPjv2z8Bgudm3vqHik592gUUV7.jpg]
[asparagus.ae/ar/menu/main-course/chicken-curry-rice.html]
[asparagus.ae/storage/system/items/N1T0ylL1JH4AoVX6NuBDPN4CDGNETvYBYDEXETp7.jpg]
[asparagus.ae/ar/menu/main-course/beef-pallow.html]
[asparagus.ae/storage/system/items/MtbdYwGGrUfIVS8bhCgyg0IpMoW01GYtdhly1d3i.jpg]
[asparagus.ae/ar/menu/main-course/lentil-rice-with-crispy-sliced-chicken.html]
[asparagus.ae/en/menu/main-course/bukheri-chicken-kebab.html]
[asparagus.ae/ar/menu/main-course/asparagus-chicken-mulukhiya.html]
[asparagus.ae/storage/system/items/Ldb2tdzICfIn1ANMXbNXPQ3rpst77lJTCahypk5J.jpg]
[asparagus.ae/ar/menu/main-course/chicken-charcoal.html]
[asparagus.ae/storage/system/items/qurUz4RYh4fmx1UKuwEltLx3ByotjT4tlN1Zbaf0.jpg]
[asparagus.ae/ar/menu/main-course/zucchini-chicken-balls.html]
[asparagus.ae/storage/system/items/HqBpcJjclviozzlLHNE1eUVx1riJG5hg6dyKu4kq.jpg]
[asparagus.ae/ar/menu/main-course/asparagus-chicken-biryani.html]
[asparagus.ae/storage/system/items/U5nhc2G04RelyOVtaizWTq4LfZnul5hRZoEsYgwh.jpg]
[asparagus.ae/ar/menu/main-course/meatballs-with-spinach-rice.html]
[asparagus.ae/storage/system/items/VYCdvtpRN9AhZeNtC64VXfxX4aHZ3BWdxXEeuQcE.jpg]
[asparagus.ae/ar/menu/main-course/bukheri-chicken-kebab.html]
[asparagus.ae/ar/menu/main-course/shrimp-taco-with-tomato-rice.html]
[asparagus.ae/en/menu/smoothies/avocado-smoothie.html]
[asparagus.ae/ar/menu/smoothies/brownie-protein-milkshake.html]
[asparagus.ae/storage/system/items/oRbOvzredL6xwJszYL0VzK9bfjv2ooWYRKRQat3s.jpg]
[asparagus.ae/ar/menu/smoothies/the-hulk.html]
[asparagus.ae/storage/system/items/9POpigSUhLJC5EXEe4sWz1sqBKAJZ3j6C8iPNG6e.jpg]
[asparagus.ae/ar/menu/smoothies/avocado-smoothie.html]
[asparagus.ae/en/menu/snack/toasted-grilled-halloumi.html]
[asparagus.ae/ar/menu/snack/healthy-protein-cake.html]
[asparagus.ae/storage/system/items/Yju7kjvsq1AUqQRyfimDemJWqVMVbiQmHM2LRRc6.jpg]
[asparagus.ae/ar/menu/snack/chocolate-cheesecake.html]
[asparagus.ae/storage/system/items/4sIHZwhX2LUsoTrQXkayNKquzF1n8SMrGVzyLsB0.jpg]
[asparagus.ae/ar/menu/snack/cinnamon-roll.html]
[asparagus.ae/storage/system/items/6cJQ1MIq9tDLVLVMR5WNq02ksLdwLKY3rd1OWQWD.jpg]
[asparagus.ae/ar/menu/snack/coleslaw-chicken-finger.html]
[asparagus.ae/storage/system/items/kwkP2RSY2fJv0YVSzTJnNnWqu6NiIESTfGKklhEg.jpg]
[asparagus.ae/ar/menu/snack/rice-pudding.html]
[asparagus.ae/storage/system/items/95nPzIW3SulXKcZQMf38ZmaTug05Pe6TpbKIGljQ.jpg]
[asparagus.ae/ar/menu/snack/mozarrella-sticks.html]
[asparagus.ae/storage/system/items/SmvHbqM43tRBq0hfIWG9o4XSRIT4vgKKFSdnXSMC.jpg]
[asparagus.ae/ar/menu/snack/toasted-grilled-halloumi.html]
[asparagus.ae/images/logo/w_logo_ar.svg]
[asparagus.ae/images/slider/category_slider.jpg]
[asparagus.ae/images/slider/category_slider_m.jpg]
[asparagus.ae/ar/menu.html]
[asparagus.ae/ar/privacy-policy.html]
[asparagus.ae/ar/terms.html]
[asparagus.ae/images/logo/w_mr_ali_ar.svg]
[asparagus.ae/images/auth.jpg]
[asparagus.ae/ar/login.html]
[asparagus.ae/images/auth_m.jpg]
[asparagus.ae/en/menu/burger-and-sandwiches/lamb-burguer.html]
[asparagus.ae/ar/menu/burger-and-sandwiches/halloumi-club-sandwich.html]
[asparagus.ae/ar/menu/burger-and-sandwiches/beef-quesadilla.html]
[asparagus.ae/storage/system/items/YS0pNXPIqzpi0FmDhY9L2uxqAgxr7uerF2nwYg6Z.jpg]
[asparagus.ae/ar/menu/burger-and-sandwiches/egg-and-spinach-quesadilla.html]
[asparagus.ae/storage/system/items/POgPBGQH2ncabtvcEiJWZBCTB2EZofN0pMmBlRHA.jpg]
[asparagus.ae/ar/menu/burger-and-sandwiches/club-sandwich.html]
[asparagus.ae/storage/system/items/G1osiJn6HTz5gTdD8k4tRIq441CTmiPpSDDhxZYx.jpg]
[asparagus.ae/ar/menu/burger-and-sandwiches/tenderloin-double-beef-burger.html]
[asparagus.ae/storage/system/items/OsoEs1al1XYThxSziHAnxLYqTTylqqflgYeEmTau.jpg]
[asparagus.ae/ar/menu/burger-and-sandwiches/tenderloin-beef-taco.html]
[asparagus.ae/storage/system/items/eiygwkyAmm6IgLjK7t62wB9baM8CWe12CgdQk4Ez.jpg]
[asparagus.ae/ar/menu/burger-and-sandwiches/mushroom-beef-burger.html]
[asparagus.ae/storage/system/items/XKFWQpATOjwI6wjhoxN1Ebp1DrIJKQhMtt39DDyq.jpg]
[asparagus.ae/ar/menu/burger-and-sandwiches/lamb-burguer.html]
[asparagus.ae/en/menu/main-course/salmon-kebab-risotto.html]
[asparagus.ae/ar/menu/main-course/dynamite-chicken.html]
[asparagus.ae/storage/system/items/q0gJMR6089I2F8rgGoTUBBwSTd2gtO7euqaFIbRQ.jpg]
[asparagus.ae/ar/menu/main-course/shrimp-rice-kabsa.html]
[asparagus.ae/storage/system/items/1IksMocJXwapCJRhJRButB2XmZ8e8imId5m6uAom.jpg]
[asparagus.ae/ar/menu/main-course/tenderloin-asparagus-beef-bowl.html]
[asparagus.ae/storage/system/items/NWjXCE6UDWrEaLcz0wYg0g3ND2jyRPuHubZvd8Ad.jpg]
[asparagus.ae/ar/menu/main-course/salmon-sushi.html]
[asparagus.ae/storage/system/items/w2yZSggAUJIjGVfvZids9HSmT7ddaAhehGyXWjmM.jpg]
[asparagus.ae/ar/menu/main-course/dynamite-shrimp.html]
[asparagus.ae/storage/system/items/aeWuezrftdEYp2SFYVWYmGRAeBalBGrwxDPVv0cx.jpg]
[asparagus.ae/ar/menu/main-course/salmon-kebab-risotto.html]
[asparagus.ae/ar/menu/smoothies/mango-peach-smoothie.html]
[asparagus.ae/en/menu/smoothies/mango-peach-smoothie.html]
[asparagus.ae/en/menu/main-course/coleslaw-crispy-prawn.html]
[asparagus.ae/ar/menu/main-course/asparagus-beef-mulukhiya.html]
[asparagus.ae/storage/system/items/FDSFuhBoTQLZVyHqtmbgr9HAdDnZ6SgLf01tSvC4.jpg]
[asparagus.ae/ar/menu/main-course/coleslaw-crispy-prawn.html]
[asparagus.ae/en/menu/burger-and-sandwiches/crispy-chicken-tortilla.html]
[asparagus.ae/ar/menu/burger-and-sandwiches/falafel-wrap.html]
[asparagus.ae/storage/system/items/FOw74wPvvK2kaoc3liPgrEmmLQQSqLCACjTbUWpi.jpg]
[asparagus.ae/ar/menu/burger-and-sandwiches/crispy-chicken-tortilla.html]
[asparagus.ae/en/menu/pasta-and-pizza/meat-lasagna.html]
[asparagus.ae/ar/menu/pasta-and-pizza/pink-chicken-pasta.html]
[asparagus.ae/storage/system/items/SElju1XgYWZGF8LXL1f8vs34arNtY21aUI0U6dG6.jpg]
[asparagus.ae/ar/menu/pasta-and-pizza/beef-spaghetti.html]
[asparagus.ae/storage/system/items/vPMVIIV8B3ivBHjTni7sQYJDJc9Znmm5tp4V5zY8.jpg]
[asparagus.ae/ar/menu/pasta-and-pizza/spaggetti-minced-beef.html]
[asparagus.ae/storage/system/items/w9dtu6RL1wjAl77ez0WjioPeg7ayYrjMRVbMmGWd.jpg]
[asparagus.ae/ar/menu/pasta-and-pizza/seafood-pizza.html]
[asparagus.ae/storage/system/items/ysgXPRbj06hwzC0ZEG5nyFKc2JLXOemuspCOWag2.jpg]
[asparagus.ae/ar/menu/pasta-and-pizza/asian-chicken-pizza.html]
[asparagus.ae/storage/system/items/yGrOodEBthUcPYXEooYheiYk50A20bSw5DPCSBYM.jpg]
[asparagus.ae/ar/menu/pasta-and-pizza/american-classic-pizza.html]
[asparagus.ae/storage/system/items/HFHERyEBFKWb0MxSwTBtRNaxwGpzjiKqEabuAPlu.jpg]
[asparagus.ae/ar/menu/pasta-and-pizza/macaroni-chicken-ball.html]
[asparagus.ae/storage/system/items/ezUAzuBIJjUFqCWvezAaKq457JHsryVK4gb198Ec.jpg]
[asparagus.ae/ar/menu/pasta-and-pizza/asparagus-chicken-pizza.html]
[asparagus.ae/storage/system/items/hufd908MYVatHlOmi8jhX7DJzwIQxz67pBJajIrZ.jpg]
[asparagus.ae/ar/menu/pasta-and-pizza/white-chicken-pasta.html]
[asparagus.ae/storage/system/items/xG6AIbic5zcIljSiCTOhqU90ATdEQ6LlsGuSUPaJ.jpg]
[asparagus.ae/ar/menu/pasta-and-pizza/smoked-chicken-pasta.html]
[asparagus.ae/storage/system/items/4IrA1XilDZgrdDlURM4neQ0jtUapmh9b0G2pyeOX.jpg]
[asparagus.ae/ar/menu/pasta-and-pizza/meat-lasagna.html]
[asparagus.ae/images/chief_en.png]
[asparagus.ae/en/about.html]
[asparagus.ae/images/logo/weqaya.svg]
[asparagus.ae/images/logo/health_center.svg]
[asparagus.ae/en/mealplans.html]
[asparagus.ae/images/app_store_ar.svg]
[asparagus.ae/images/g_play_ar.svg]
[asparagus.ae/images/logo/logo.svg]
[asparagus.ae/en/contact.html]
[asparagus.ae/en/menu/burger-and-sandwiches/tuna-burger.html]
[asparagus.ae/storage/system/items/e3Sa0lMshU4FS2lvaxKod6y9BE7Em6YAIs2oHbcr.jpg]
[asparagus.ae/en/menu/main-course/cajun-chicken-with-baked-sweet-potato.html]
[asparagus.ae/storage/system/items/7jr5rz2LVY0cImVyZ1EeuFZDOCiEFImc8f1CkVOs.jpg]
[asparagus.ae/en/menu/main-course/crispy-chicken-schnitzel.html]
[asparagus.ae/en/menu/pasta-and-pizza/macaroni-chicken-ball.html]
[asparagus.ae/en/home9cfe.html]
[asparagus.ae/images/logo/logo_en.svg]
[asparagus.ae/images/icons/ar.svg]
[asparagus.ae/en/menu/salad/zaatar-with-feta-cheese-salad.html]
[asparagus.ae/en/menu/main-course/green-rice-chicken.html]
[asparagus.ae/en/menu/main-course/shrimp-rice-kabsa.html]
[asparagus.ae/en/menu/main-course/mongolian-beef-rice.html]
[asparagus.ae/storage/system/items/TE9YYr7rMvd7FfXH9dinzaXUxu8M9yc6DP8utzKo.jpg]
[asparagus.ae/en/menu/main-course/beef-biriyani.html]
[asparagus.ae/en/menu/main-course/chicken-kabsa.html]
[asparagus.ae/en/menu/main-course/chicken-coleslaw.html]
[asparagus.ae/storage/system/items/hAX8BJ8zoRRVcTYpvlBs7FyDJgxYTQ42Mf8M4NRa.jpg]
[asparagus.ae/en/menu/main-course/chicken-curry-rice.html]
[asparagus.ae/en/menu/main-course/crispy-corn-flakes-chicken.html]
[asparagus.ae/en/menu/main-course/asparagus-special-noodles.html]
[asparagus.ae/en/menu/main-course/herbed-roasted-salmon.html]
[asparagus.ae/en/menu/main-course/meatballs-with-spinach-rice.html]
[asparagus.ae/en/menu/breakfast/protein-chia-pudding.html]
[asparagus.ae/en/menu/breakfast/balaleeth-and-egg.html]
[asparagus.ae/en/menu/breakfast/blueberry-chia.html]
[asparagus.ae/storage/system/items/mzMldRnb9wbkAMiluySlMaVVey8DeDlcSBG8JYWc.jpg]
[asparagus.ae/en/menu/breakfast/herbed-omelet.html]
[asparagus.ae/storage/system/items/gxOmsLMqRGJ3iWrvQL8C2RKa02iqipskDHjsFA9e.jpg]
[asparagus.ae/en/menu/breakfast/avocado-toast.html]
[asparagus.ae/en/menu/breakfast/bircher-healthy-muesli-oats.html]
[asparagus.ae/storage/system/items/fherlN1MhOLlFznp7Qnlqe93vXrQlMDoKwT7OXja.jpg]
[asparagus.ae/en/menu/breakfast/turkish-breakfast.html]
[asparagus.ae/storage/system/items/soFm0A6175PQg2suXlmdaYN0Dr0SylB2wcKe3bTk.jpg]
[asparagus.ae/en/menu/breakfast/zaatar-cheese-and-labneh-manakeesh.html]
[asparagus.ae/en/menu/breakfast/turkey-scrambled-egg.html]
[asparagus.ae/en/menu/breakfast/egg-waffle-with-healthy-philadelphia.html]
[asparagus.ae/storage/system/items/lSgcPfKOdP0GrasCaDRwjIj2wgXoiqbfR4Utmf3V.jpg]
[asparagus.ae/en/menu/breakfast/french-toast.html]
[asparagus.ae/en/menu/snack/chocolate-chip-muffins.html]
[asparagus.ae/en/menu/snack/oats-cake-with-saffron-milk.html]
[asparagus.ae/en/menu/snack/falafel.html]
[asparagus.ae/en/menu/snack/protein-ball.html]
[asparagus.ae/en/menu/snack/asparagus-healthy-cookies.html]
[asparagus.ae/en/menu/snack/fruit-salad.html]
[asparagus.ae/en/menu/snack/mozzarella-sticks.html]
[asparagus.ae/en/menu/snack/cheesecake-with-cherry-jam.html]
[asparagus.ae/storage/system/items/6v6Em2rOLCx3k2ZLmnNJhMRRyM2MNxA0LWWWfd8Q.jpg]
[asparagus.ae/en/menu/snack/chocolate-cheesecake.html]
[asparagus.ae/en/menu/snack/mango-cheesecake.html]
[asparagus.ae/en/menu/snack/coleslaw-chicken-finger.html]
[asparagus.ae/en/menu/salad/halloumi-salad.html]
[asparagus.ae/en/menu/salad/poached-egg-salad.html]
[asparagus.ae/en/menu/salad/caesar-salad.html]
[asparagus.ae/en/menu/salad/honey-mustard-orange-salad.html]
[asparagus.ae/en/menu/salad/pumpkin-eggplant-salad.html]
[asparagus.ae/en/menu/salad/chicken-salad.html]
[asparagus.ae/en/menu/salad/egg-and-quinoa-salad.html]
[asparagus.ae/en/menu/snack/peanut-butter-and-jam-toast.html]
[asparagus.ae/storage/system/items/EQT1CZdFoSCVBDbs6csFi6HLjPuTdSjH0iZaghip.jpg]
[asparagus.ae/en/menu/snack/cinnamon-roll.html]
[asparagus.ae/en/menu/snack/guacamole-and-jam-toast.html]
[asparagus.ae/en/menu/snack/peanut-butter-cheesecake.html]
[asparagus.ae/en/menu/snack/healthy-protein-cake.html]
[asparagus.ae/ar/menu/drinks/pure-orange-chia.html]
[asparagus.ae/en/menu/drinks/asparagus-combo.html]
[asparagus.ae/storage/system/items/vInEtojAdXUg7XqYbd6BvfvGb3DcR3XLsBagHO23.jpg]
[asparagus.ae/en/menu/drinks/refreshing-watermelon.html]
[asparagus.ae/storage/system/items/8mv9t0yTlhhHPta76H0GqZxlZDbeurUtvZ8LOKpl.jpg]
[asparagus.ae/en/menu/drinks/wellness-juice.html]
[asparagus.ae/storage/system/items/rSV2p8qYTyvb28xEKDK46a93JGbD8PglrT63OxUc.jpg]
[asparagus.ae/en/menu/drinks/spring-dose.html]
[asparagus.ae/storage/system/items/EsKOS4WfFlL9BjoOZmgi8YChImvb7JwWPTPpzdvP.jpg]
[asparagus.ae/en/menu/drinks/call-it-island.html]
[asparagus.ae/storage/system/items/y1e2ouo0MSM8zb391v0Zc57CBRpodNQrLDopipKZ.jpg]
[asparagus.ae/en/menu/drinks/pure-orange-chia.html]
[asparagus.ae/en/menu/main-course/shrimp-sushi.html]
[asparagus.ae/en/menu/main-course/zucchini-chicken-balls.html]
[asparagus.ae/en/menu/main-course/asparagus-beef-mulukhiya.html]
[asparagus.ae/en/menu/main-course/tenderloin-asparagus-beef-bowl.html]
[asparagus.ae/en/menu/main-course/chicken-sushi.html]
[asparagus.ae/en/menu/main-course/chicken-tandoori-with-rice.html]
[asparagus.ae/en/menu/main-course/asparagus-beef.html]
[asparagus.ae/en/menu/main-course/chicken-charcoal.html]
[asparagus.ae/en/menu/main-course/beef-mashed-potato.html]
[asparagus.ae/storage/system/items/mG41qWiZ77VCj8OoY112a4m5Gtkvb0as6zFCdt7G.jpg]
[asparagus.ae/en/menu/main-course/shrimp-taco-with-tomato-rice.html]
[asparagus.ae/en/menu/burger-and-sandwiches/beef-quesadilla.html]
[asparagus.ae/en/menu/burger-and-sandwiches/traditional-chicken-shawarma.html]
[asparagus.ae/en/menu/burger-and-sandwiches/tenderloin-beef-burger-in-sweet-potato-bun.html]
[asparagus.ae/en/menu/burger-and-sandwiches/roasted-beef-tortilla.html]
[asparagus.ae/en/menu/burger-and-sandwiches/grilled-chicken-wrap.html]
[asparagus.ae/storage/system/items/viWcD7Yg6IBR6AJOySNr0pi4WcItCyHm9qHu0Xfi.jpg]
[asparagus.ae/en/menu/burger-and-sandwiches/guacamole-chicken-burger.html]
[asparagus.ae/en/menu/burger-and-sandwiches/mushroom-beef-burger.html]
[asparagus.ae/en/menu/burger-and-sandwiches/egg-and-spinach-quesadilla.html]
[asparagus.ae/en/menu/burger-and-sandwiches/asparagus-beef-burger.html]
[asparagus.ae/en/menu/burger-and-sandwiches/scrambled-egg-sandwich.html]
[asparagus.ae/storage/system/items/KzNH1BMeUbmitxlcFCrCw55TZsaGp32gzjRkpNy0.jpg]
[asparagus.ae/en/menu/burger-and-sandwiches/halloumi-club-sandwich.html]
[asparagus.ae/ar/menu/breakfast/stuffed-french-chocolate-pancake.html]
[asparagus.ae/en/menu/breakfast/mango-pancake.html]
[asparagus.ae/storage/system/items/Rz4oStWuNrbuVbx2zeGMuwYmSuoX0MYVQ5X81gGr.jpg]
[asparagus.ae/en/menu/breakfast/asparagus-foul.html]
[asparagus.ae/en/menu/breakfast/chia-oats.html]
[asparagus.ae/en/menu/breakfast/protein-acai.html]
[asparagus.ae/storage/system/items/WtP9r8988cuKwKiPxfCBzTwhTNqMvWjMPDYewqp5.jpg]
[asparagus.ae/en/menu/breakfast/egg-white-omelet.html]
[asparagus.ae/en/menu/breakfast/pistachio-oatmeal.html]
[asparagus.ae/storage/system/items/Fo4bXh9Z2L4VTbDUG4oJ25ke4wbHrfOnWumwjNEe.jpg]
[asparagus.ae/en/menu/breakfast/stuffed-french-chocolate-pancake.html]
[asparagus.ae/images/logo/w_logo_en.svg]
[asparagus.ae/en/menu.html]
[asparagus.ae/en/privacy-policy.html]
[asparagus.ae/en/terms.html]
[asparagus.ae/images/logo/w_mr_ali_en.svg]
[asparagus.ae/en/login.html]
[asparagus.ae/en/menu/breakfast/balaleeth-and-omelet.html]
[asparagus.ae/ar/menu/main-course/chicken-kebab.html]
[asparagus.ae/storage/system/items/4u7uI2Ba5cSvlljJ0pUtRUtoKl3tUaCHcDPCQbsh.jpg]
[asparagus.ae/ar/menu/main-course/chicken-coleslaw.html]
[asparagus.ae/ar/menu/main-course/beef-mashed-potato.html]
[asparagus.ae/ar/menu/main-course/asparagus-beef.html]
[asparagus.ae/ar/menu/main-course/cajun-chicken-with-baked-sweet-potato.html]
[asparagus.ae/ar/menu/main-course/chipotle-chicken-with-beetroot-rice.html]
[asparagus.ae/storage/system/items/DVffQPciZPqrQCfjghbYSh4jxtscQDMueAVY7h6C.jpg]
[asparagus.ae/ar/menu/main-course/chicken-sushi.html]
[asparagus.ae/ar/menu/main-course/chicken-tandoori-with-rice.html]
[asparagus.ae/ar/menu/main-course/beef-biriyani.html]
[asparagus.ae/en/menu/main-course/beef-steak-hummus.html]
[asparagus.ae/ar/menu/main-course/beef-steak-hummus.html]
[asparagus.ae/ar/menu/main-course/crispy-chicken-schnitzel.html]
[asparagus.ae/ar/menu/main-course/crispy-corn-flakes-chicken.html]
[asparagus.ae/ar/menu/main-course/green-rice-chicken.html]
[asparagus.ae/ar/menu/main-course/shrimp-sushi.html]
[asparagus.ae/ar/menu/main-course/mongolian-beef-rice.html]
[asparagus.ae/ar/menu/main-course/baked-cream-dory-fillet.html]
[asparagus.ae/en/menu/main-course/baked-cream-dory-fillet.html]
[asparagus.ae/ar/menu/breakfast/pistachio-oatmeal.html]
[asparagus.ae/ar/menu/breakfast/turkish-breakfast.html]
[asparagus.ae/ar/menu/breakfast/protein-acai.html]
[asparagus.ae/ar/menu/breakfast/herbed-omelet.html]
[asparagus.ae/ar/menu/breakfast/asparagus-foul.html]
[asparagus.ae/ar/menu/breakfast/blueberry-chia.html]
[asparagus.ae/ar/menu/breakfast/mango-pancake.html]
[asparagus.ae/ar/menu/breakfast/balaleeth-and-omelet.html]
[asparagus.ae/ar/menu/breakfast/egg-waffle-with-healthy-philadelphia.html]
[asparagus.ae/ar/menu/breakfast/avocado-toast.html]
[asparagus.ae/ar/menu/breakfast/egg-white-omelet.html]
[asparagus.ae/ar/menu/breakfast/bircher-healthy-muesli-oats.html]
[asparagus.ae/ar/menu/breakfast/milk-oatmeal.html]
[asparagus.ae/en/menu/breakfast/milk-oatmeal.html]
[asparagus.ae/ar/menu/breakfast/balaleeth-shakshoka.html]
[asparagus.ae/ar/menu/breakfast/protein-chia-pudding.html]
[asparagus.ae/ar/menu/breakfast/chia-oats.html]
[asparagus.ae/ar/menu/breakfast/balaleeth-and-egg.html]
[asparagus.ae/en/menu/breakfast/balaleeth-shakshoka.html]
[asparagus.ae/ar/menu/breakfast/waffles.html]
[asparagus.ae/ar/menu/breakfast/zaatar-cheese-and-labneh-manakeesh.html]
[asparagus.ae/ar/menu/breakfast/turkey-scrambled-egg.html]
[asparagus.ae/en/menu/breakfast/waffles.html]
[asparagus.ae/ar/menu/snack/cheesecake-with-cherry-jam.html]
[asparagus.ae/ar/menu/snack/peanut-butter-and-jam-toast.html]
[asparagus.ae/ar/menu/snack/classic-cheesecake.html]
[asparagus.ae/storage/system/items/w92yIOh2gX2JL5MpQYvkxpnGBggSdK21gLpSHMgP.jpg]
[asparagus.ae/ar/menu/snack/oats-cake-with-saffron-milk.html]
[asparagus.ae/ar/menu/snack/mozzarella-sticks.html]
[asparagus.ae/ar/menu/snack/brownies-finger.html]
[asparagus.ae/storage/system/items/7wlaBI93mXaV5vOCAtB48b1IXzen0hm7Et52oxm8.jpg]
[asparagus.ae/ar/menu/snack/fruit-salad.html]
[asparagus.ae/ar/menu/snack/guacamole-and-jam-toast.html]
[asparagus.ae/ar/menu/snack/protein-ball.html]
[asparagus.ae/ar/menu/snack/peanut-butter-cheesecake.html]
[asparagus.ae/ar/menu/snack/chicken-samosa.html]
[asparagus.ae/ar/menu/snack/chocolate-chip-muffins.html]
[asparagus.ae/ar/menu/snack/asparagus-healthy-cookies.html]
[asparagus.ae/ar/menu/snack/falafel.html]
[asparagus.ae/ar/menu/salad/caesar-salad.html]
[asparagus.ae/ar/menu/salad/zaatar-with-feta-cheese-salad.html]
[asparagus.ae/ar/menu/salad/honey-mustard-orange-salad.html]
[asparagus.ae/ar/menu/salad/egg-and-quinoa-salad.html]
[asparagus.ae/ar/menu/salad/poached-egg-salad.html]
[asparagus.ae/ar/menu/salad/pumpkin-eggplant-salad.html]
[asparagus.ae/ar/menu/salad/halloumi-salad.html]
[asparagus.ae/en/menu/snack/chicken-samosa.html]
[asparagus.ae/en/menu/smoothies/brownie-protein-milkshake.html]
[asparagus.ae/en/menu/smoothies/strawberry-protein-milkshake.html]
[asparagus.ae/en/menu/smoothies/vanilla-protein-milkshake.html]
[asparagus.ae/en/menu/smoothies/summer-punch.html]
[asparagus.ae/en/menu/smoothies/mango-madness.html]
[asparagus.ae/en/menu/smoothies/coco-colada.html]
[asparagus.ae/en/menu/smoothies/strawberry-split.html]
[asparagus.ae/en/menu/smoothies/the-hulk.html]
[asparagus.ae/en/menu/smoothies/berry-bust.html]
[asparagus.ae/en/menu/smoothies/banana-protein-milkshake.html]
[asparagus.ae/ar/menu/smoothies/strawberry-protein-milkshake.html]
[asparagus.ae/en/menu/smoothies/super-fuel.html]
[asparagus.ae/ar/menu/smoothies/acai-smoothie.html]
[asparagus.ae/ar/menu/smoothies/super-fuel.html]
[asparagus.ae/ar/menu/smoothies/coco-colada.html]
[asparagus.ae/ar/menu/smoothies/mango-madness.html]
[asparagus.ae/ar/menu/smoothies/summer-punch.html]
[asparagus.ae/ar/menu/smoothies/strawberry-split.html]
[asparagus.ae/ar/menu/smoothies/berry-bust.html]
[asparagus.ae/ar/menu/smoothies/vanilla-protein-milkshake.html]
[asparagus.ae/en/menu/smoothies/acai-smoothie.html]
[asparagus.ae/en/menu/burger-and-sandwiches/club-sandwich.html]
[asparagus.ae/en/menu/burger-and-sandwiches/cheese-on-egg-white-sandwich.html]
[asparagus.ae/en/menu/burger-and-sandwiches/tenderloin-beef-taco.html]
[asparagus.ae/ar/menu/burger-and-sandwiches/grilled-chicken-wrap.html]
[asparagus.ae/ar/menu/burger-and-sandwiches/scrambled-egg-sandwich.html]
[asparagus.ae/ar/menu/burger-and-sandwiches/healthy-zinger-burger.html]
[asparagus.ae/storage/system/items/XLGDDU6XqkR3hGqgZvDVEy01sNYTsueNxCPaNs0J.jpg]
[asparagus.ae/ar/menu/burger-and-sandwiches/asparagus-beef-burger.html]
[asparagus.ae/ar/menu/burger-and-sandwiches/traditional-chicken-shawarma.html]
[asparagus.ae/ar/menu/burger-and-sandwiches/tuna-burger.html]
[asparagus.ae/ar/menu/burger-and-sandwiches/halloumi-sandwich.html]
[asparagus.ae/ar/menu/burger-and-sandwiches/roasted-beef-tortilla.html]
[asparagus.ae/en/menu/burger-and-sandwiches/halloumi-sandwich.html]
[asparagus.ae/ar/menu/burger-and-sandwiches/chicken-quesadilla.html]
[asparagus.ae/en/menu/burger-and-sandwiches/chicken-quesadilla.html]
[asparagus.ae/ar/menu/burger-and-sandwiches/tuna-wrap.html]
[asparagus.ae/ar/menu/burger-and-sandwiches/guacamole-chicken-burger.html]
[asparagus.ae/ar/menu/burger-and-sandwiches/tenderloin-beef-burger-in-sweet-potato-bun.html]
[asparagus.ae/en/menu/burger-and-sandwiches/tuna-wrap.html]
[asparagus.ae/ar/menu/burger-and-sandwiches/smoked-chicken-wrap.html]
[asparagus.ae/en/menu/burger-and-sandwiches/smoked-chicken-wrap.html]
[asparagus.ae/ar/menu/burger-and-sandwiches/shawarma-manakeesh.html]
[asparagus.ae/en/menu/burger-and-sandwiches/shawarma-manakeesh.html]
[asparagus.ae/en/menu/main-course/salmon-sushi.html]
[asparagus.ae/en/menu/main-course/chicken-kebab.html]
[asparagus.ae/en/menu/main-course/lentil-rice-with-crispy-sliced-chicken.html]
[asparagus.ae/en/menu/main-course/lamb-mandi.html]
[asparagus.ae/ar/menu/main-course/beef-kebab.html]
[asparagus.ae/ar/menu/main-course/lamb-mandi.html]
[asparagus.ae/ar/menu/main-course/asparagus-special-noodles.html]
[asparagus.ae/ar/menu/main-course/chicken-kabsa.html]
[asparagus.ae/ar/menu/main-course/chicken-curry-rice.html]
[asparagus.ae/en/menu/main-course/beef-kebab.html]
[asparagus.ae/ar/menu/main-course/beef-pallow.html]
[asparagus.ae/en/menu/main-course/beef-pallow.html]
[asparagus.ae/en/menu/main-course/bukheri-chicken-kebab.html]
[asparagus.ae/en/menu/main-course/asparagus-chicken-biryani.html]
[asparagus.ae/ar/menu/main-course/asparagus-chicken-mulukhiya.html]
[asparagus.ae/ar/menu/main-course/chicken-charcoal.html]
[asparagus.ae/ar/menu/main-course/zucchini-chicken-balls.html]
[asparagus.ae/ar/menu/main-course/asparagus-chicken-biryani.html]
[asparagus.ae/ar/menu/main-course/meatballs-with-spinach-rice.html]
[asparagus.ae/ar/menu/main-course/shrimp-taco-with-tomato-rice.html]
[asparagus.ae/en/menu/smoothies/avocado-smoothie.html]
[asparagus.ae/ar/menu/smoothies/brownie-protein-milkshake.html]
[asparagus.ae/ar/menu/smoothies/the-hulk.html]
[asparagus.ae/en/menu/main-course/asparagus-chicken-mulukhiya.html]
[asparagus.ae/en/menu/snack/toasted-grilled-halloumi.html]
[asparagus.ae/ar/menu/snack/healthy-protein-cake.html]
[asparagus.ae/ar/menu/snack/chocolate-cheesecake.html]
[asparagus.ae/ar/menu/snack/cinnamon-roll.html]
[asparagus.ae/ar/menu/snack/coleslaw-chicken-finger.html]
[asparagus.ae/ar/menu/snack/rice-pudding.html]
[asparagus.ae/en/menu/snack/rice-pudding.html]
[asparagus.ae/ar/menu/snack/mozarrella-sticks.html]
[asparagus.ae/en/menu/snack/mozarrella-sticks.html]
[asparagus.ae/en/menu/burger-and-sandwiches/lamb-burguer.html]
[asparagus.ae/ar/menu/burger-and-sandwiches/halloumi-club-sandwich.html]
[asparagus.ae/ar/menu/burger-and-sandwiches/beef-quesadilla.html]
[asparagus.ae/ar/menu/burger-and-sandwiches/egg-and-spinach-quesadilla.html]
[asparagus.ae/ar/menu/burger-and-sandwiches/club-sandwich.html]
[asparagus.ae/en/menu/burger-and-sandwiches/falafel-wrap.html]
[asparagus.ae/ar/menu/burger-and-sandwiches/tenderloin-double-beef-burger.html]
[asparagus.ae/ar/menu/burger-and-sandwiches/tenderloin-beef-taco.html]
[asparagus.ae/ar/menu/burger-and-sandwiches/mushroom-beef-burger.html]
[asparagus.ae/en/menu/burger-and-sandwiches/tenderloin-double-beef-burger.html]
[asparagus.ae/en/menu/main-course/salmon-kebab-risotto.html]
[asparagus.ae/en/menu/main-course/dynamite-shrimp.html]
[asparagus.ae/ar/menu/main-course/dynamite-chicken.html]
[asparagus.ae/ar/menu/main-course/shrimp-rice-kabsa.html]
[asparagus.ae/ar/menu/main-course/tenderloin-asparagus-beef-bowl.html]
[asparagus.ae/ar/menu/main-course/salmon-sushi.html]
[asparagus.ae/ar/menu/main-course/dynamite-shrimp.html]
[asparagus.ae/en/menu/smoothies/mango-peach-smoothie.html]
[asparagus.ae/en/menu/main-course/coleslaw-crispy-prawn.html]
[asparagus.ae/ar/menu/main-course/asparagus-beef-mulukhiya.html]
[asparagus.ae/en/menu/main-course/dynamite-chicken.html]
[asparagus.ae/en/menu/burger-and-sandwiches/crispy-chicken-tortilla.html]
[asparagus.ae/ar/menu/burger-and-sandwiches/falafel-wrap.html]
[asparagus.ae/en/menu/burger-and-sandwiches/healthy-zinger-burger.html]
[asparagus.ae/en/menu/pasta-and-pizza/seafood-pizza.html]
[asparagus.ae/en/menu/pasta-and-pizza/pink-chicken-pasta.html]
[asparagus.ae/en/menu/pasta-and-pizza/white-chicken-pasta.html]
[asparagus.ae/en/menu/pasta-and-pizza/american-classic-pizza.html]
[asparagus.ae/en/menu/pasta-and-pizza/smoked-chicken-pasta.html]
[asparagus.ae/en/menu/pasta-and-pizza/asian-chicken-pizza.html]
[asparagus.ae/en/menu/pasta-and-pizza/beef-spaghetti.html]
[asparagus.ae/en/menu/pasta-and-pizza/asparagus-chicken-pizza.html]
[asparagus.ae/en/menu/pasta-and-pizza/meat-lasagna.html]
[asparagus.ae/ar/menu/pasta-and-pizza/pink-chicken-pasta.html]
[asparagus.ae/ar/menu/pasta-and-pizza/beef-spaghetti.html]
[asparagus.ae/ar/menu/pasta-and-pizza/spaggetti-minced-beef.html]
[asparagus.ae/ar/menu/pasta-and-pizza/seafood-pizza.html]
[asparagus.ae/ar/menu/pasta-and-pizza/asian-chicken-pizza.html]
[asparagus.ae/ar/menu/pasta-and-pizza/american-classic-pizza.html]
[asparagus.ae/ar/menu/pasta-and-pizza/macaroni-chicken-ball.html]
[asparagus.ae/ar/menu/pasta-and-pizza/asparagus-chicken-pizza.html]
[asparagus.ae/ar/menu/pasta-and-pizza/white-chicken-pasta.html]
[asparagus.ae/ar/menu/pasta-and-pizza/smoked-chicken-pasta.html]
[asparagus.ae/images/app_store_en.svg]
[asparagus.ae/images/g_play_en.svg]
[asparagus.ae/en/menu/burger-and-sandwiches/tuna-burger.html]
[asparagus.ae/en/menu/main-course/cajun-chicken-with-baked-sweet-potato.html]
[asparagus.ae/en/menu/main-course/crispy-chicken-schnitzel.html]
[asparagus.ae/en/menu/pasta-and-pizza/macaroni-chicken-ball.html]
[asparagus.ae/en/menu/salad/zaatar-with-feta-cheese-salad.html]
[asparagus.ae/en/menu/main-course/green-rice-chicken.html]
[asparagus.ae/en/menu/main-course/shrimp-rice-kabsa.html]
[asparagus.ae/en/menu/pasta-and-pizza/spaggetti-minced-beef.html]
[asparagus.ae/en/menu/main-course/mongolian-beef-rice.html]
[asparagus.ae/en/menu/main-course/beef-biriyani.html]
[asparagus.ae/en/menu/main-course/chicken-kabsa.html]
[asparagus.ae/en/menu/main-course/chicken-coleslaw.html]
[asparagus.ae/en/menu/main-course/chicken-curry-rice.html]
[asparagus.ae/en/menu/main-course/crispy-corn-flakes-chicken.html]
[asparagus.ae/en/menu/main-course/asparagus-special-noodles.html]
[asparagus.ae/en/menu/main-course/meatballs-with-spinach-rice.html]
[asparagus.ae/en/menu/breakfast/protein-chia-pudding.html]
[asparagus.ae/en/menu/breakfast/balaleeth-and-egg.html]
[asparagus.ae/en/menu/breakfast/blueberry-chia.html]
[asparagus.ae/en/menu/breakfast/herbed-omelet.html]
[asparagus.ae/en/menu/breakfast/avocado-toast.html]
[asparagus.ae/en/menu/breakfast/bircher-healthy-muesli-oats.html]
[asparagus.ae/en/menu/breakfast/turkish-breakfast.html]
[asparagus.ae/en/menu/breakfast/zaatar-cheese-and-labneh-manakeesh.html]
[asparagus.ae/en/menu/breakfast/turkey-scrambled-egg.html]
[asparagus.ae/en/menu/breakfast/egg-waffle-with-healthy-philadelphia.html]
[asparagus.ae/en/menu/main-course/chipotle-chicken-with-beetroot-rice.html]
[asparagus.ae/en/menu/snack/chocolate-chip-muffins.html]
[asparagus.ae/en/menu/snack/brownies-finger.html]
[asparagus.ae/en/menu/snack/oats-cake-with-saffron-milk.html]
[asparagus.ae/en/menu/snack/falafel.html]
[asparagus.ae/en/menu/snack/protein-ball.html]
[asparagus.ae/en/menu/snack/asparagus-healthy-cookies.html]
[asparagus.ae/en/menu/snack/fruit-salad.html]
[asparagus.ae/en/menu/snack/mozzarella-sticks.html]
[asparagus.ae/en/menu/snack/cheesecake-with-cherry-jam.html]
[asparagus.ae/en/menu/snack/chocolate-cheesecake.html]
[asparagus.ae/en/menu/snack/coleslaw-chicken-finger.html]
[asparagus.ae/en/menu/salad/halloumi-salad.html]
[asparagus.ae/en/menu/salad/poached-egg-salad.html]
[asparagus.ae/en/menu/salad/caesar-salad.html]
[asparagus.ae/en/menu/salad/honey-mustard-orange-salad.html]
[asparagus.ae/en/menu/salad/pumpkin-eggplant-salad.html]
[asparagus.ae/en/menu/salad/egg-and-quinoa-salad.html]
[asparagus.ae/en/menu/snack/peanut-butter-and-jam-toast.html]
[asparagus.ae/en/menu/snack/cinnamon-roll.html]
[asparagus.ae/en/menu/snack/guacamole-and-jam-toast.html]
[asparagus.ae/en/menu/snack/healthy-protein-cake.html]
[asparagus.ae/en/menu/snack/classic-cheesecake.html]
[asparagus.ae/ar/menu/drinks/refreshing-watermelon.html]
[asparagus.ae/ar/menu/drinks/asparagus-combo.html]
[asparagus.ae/ar/menu/drinks/wellness-juice.html]
[asparagus.ae/ar/menu/drinks/call-it-island.html]
[asparagus.ae/ar/menu/drinks/pure-orange-chia.html]
[asparagus.ae/en/menu/drinks/asparagus-combo.html]
[asparagus.ae/en/menu/drinks/refreshing-watermelon.html]
[asparagus.ae/en/menu/drinks/wellness-juice.html]
[asparagus.ae/en/menu/drinks/spring-dose.html]
[asparagus.ae/en/menu/drinks/call-it-island.html]
[asparagus.ae/en/menu/main-course/shrimp-sushi.html]
[asparagus.ae/en/menu/main-course/zucchini-chicken-balls.html]
[asparagus.ae/en/menu/main-course/asparagus-beef-mulukhiya.html]
[asparagus.ae/en/menu/main-course/tenderloin-asparagus-beef-bowl.html]
[asparagus.ae/en/menu/main-course/chicken-tandoori-with-rice.html]
[asparagus.ae/en/menu/main-course/asparagus-beef.html]
[asparagus.ae/en/menu/main-course/chicken-charcoal.html]
[asparagus.ae/en/menu/main-course/beef-mashed-potato.html]
[asparagus.ae/en/menu/burger-and-sandwiches/beef-quesadilla.html]
[asparagus.ae/en/menu/burger-and-sandwiches/traditional-chicken-shawarma.html]
[asparagus.ae/en/menu/burger-and-sandwiches/tenderloin-beef-burger-in-sweet-potato-bun.html]
[asparagus.ae/en/menu/burger-and-sandwiches/roasted-beef-tortilla.html]
[asparagus.ae/en/menu/burger-and-sandwiches/grilled-chicken-wrap.html]
[asparagus.ae/en/menu/burger-and-sandwiches/guacamole-chicken-burger.html]
[asparagus.ae/en/menu/burger-and-sandwiches/mushroom-beef-burger.html]
[asparagus.ae/en/menu/burger-and-sandwiches/egg-and-spinach-quesadilla.html]
[asparagus.ae/en/menu/burger-and-sandwiches/asparagus-beef-burger.html]
[asparagus.ae/en/menu/burger-and-sandwiches/scrambled-egg-sandwich.html]
[asparagus.ae/ar/menu/breakfast/stuffed-french-chocolate-pancake.html]
[asparagus.ae/en/menu/breakfast/mango-pancake.html]
[asparagus.ae/en/menu/breakfast/asparagus-foul.html]
[asparagus.ae/en/menu/breakfast/chia-oats.html]
[asparagus.ae/en/menu/breakfast/protein-acai.html]
[asparagus.ae/en/menu/breakfast/egg-white-omelet.html]
[asparagus.ae/en/menu/breakfast/pistachio-oatmeal.html]
[asparagus.ae/en/menu/breakfast/balaleeth-and-omelet.html]
[asparagus.ae/ar/menu/main-course/chicken-kebab.html]
[asparagus.ae/ar/menu/main-course/chicken-coleslaw.html]
[asparagus.ae/ar/menu/main-course/beef-mashed-potato.html]
[asparagus.ae/ar/menu/main-course/cajun-chicken-with-baked-sweet-potato.html]
[asparagus.ae/ar/menu/main-course/chipotle-chicken-with-beetroot-rice.html]
[asparagus.ae/en/menu/main-course/beef-steak-hummus.html]
[asparagus.ae/ar/menu/main-course/mongolian-beef-rice.html]
[asparagus.ae/en/menu/main-course/baked-cream-dory-fillet.html]
[asparagus.ae/ar/menu/breakfast/pistachio-oatmeal.html]
[asparagus.ae/ar/menu/breakfast/turkish-breakfast.html]
[asparagus.ae/ar/menu/breakfast/protein-acai.html]
[asparagus.ae/ar/menu/breakfast/herbed-omelet.html]
[asparagus.ae/ar/menu/breakfast/blueberry-chia.html]
[asparagus.ae/ar/menu/breakfast/mango-pancake.html]
[asparagus.ae/ar/menu/breakfast/egg-waffle-with-healthy-philadelphia.html]
[asparagus.ae/ar/menu/breakfast/bircher-healthy-muesli-oats.html]
[asparagus.ae/en/menu/breakfast/milk-oatmeal.html]
[asparagus.ae/en/menu/breakfast/balaleeth-shakshoka.html]
[asparagus.ae/en/menu/breakfast/waffles.html]
[asparagus.ae/ar/menu/snack/cheesecake-with-cherry-jam.html]
[asparagus.ae/ar/menu/snack/peanut-butter-and-jam-toast.html]
[asparagus.ae/ar/menu/snack/classic-cheesecake.html]
[asparagus.ae/ar/menu/snack/brownies-finger.html]
[asparagus.ae/en/menu/snack/chicken-samosa.html]
[asparagus.ae/en/menu/smoothies/brownie-protein-milkshake.html]
[asparagus.ae/en/menu/smoothies/strawberry-protein-milkshake.html]
[asparagus.ae/en/menu/smoothies/vanilla-protein-milkshake.html]
[asparagus.ae/en/menu/smoothies/summer-punch.html]
[asparagus.ae/en/menu/smoothies/mango-madness.html]
[asparagus.ae/en/menu/smoothies/coco-colada.html]
[asparagus.ae/en/menu/smoothies/strawberry-split.html]
[asparagus.ae/en/menu/smoothies/the-hulk.html]
[asparagus.ae/en/menu/smoothies/berry-bust.html]
[asparagus.ae/en/menu/smoothies/super-fuel.html]
[asparagus.ae/en/menu/smoothies/acai-smoothie.html]
[asparagus.ae/en/menu/burger-and-sandwiches/club-sandwich.html]
[asparagus.ae/en/menu/burger-and-sandwiches/tenderloin-beef-taco.html]
[asparagus.ae/ar/menu/burger-and-sandwiches/grilled-chicken-wrap.html]
[asparagus.ae/ar/menu/burger-and-sandwiches/scrambled-egg-sandwich.html]
[asparagus.ae/ar/menu/burger-and-sandwiches/healthy-zinger-burger.html]
[asparagus.ae/ar/menu/burger-and-sandwiches/tuna-burger.html]
[asparagus.ae/en/menu/burger-and-sandwiches/halloumi-sandwich.html]
[asparagus.ae/en/menu/burger-and-sandwiches/chicken-quesadilla.html]
[asparagus.ae/en/menu/burger-and-sandwiches/tuna-wrap.html]
[asparagus.ae/en/menu/burger-and-sandwiches/smoked-chicken-wrap.html]
[asparagus.ae/en/menu/burger-and-sandwiches/shawarma-manakeesh.html]
[asparagus.ae/en/menu/main-course/salmon-sushi.html]
[asparagus.ae/en/menu/main-course/chicken-kebab.html]
[asparagus.ae/en/menu/main-course/lamb-mandi.html]
[asparagus.ae/en/menu/main-course/beef-kebab.html]
[asparagus.ae/en/menu/main-course/beef-pallow.html]
[asparagus.ae/en/menu/main-course/asparagus-chicken-biryani.html]
[asparagus.ae/en/menu/main-course/asparagus-chicken-mulukhiya.html]
[asparagus.ae/en/menu/snack/rice-pudding.html]
[asparagus.ae/en/menu/snack/mozarrella-sticks.html]
[asparagus.ae/en/menu/burger-and-sandwiches/falafel-wrap.html]
[asparagus.ae/en/menu/burger-and-sandwiches/tenderloin-double-beef-burger.html]
[asparagus.ae/en/menu/main-course/dynamite-shrimp.html]
[asparagus.ae/en/menu/main-course/dynamite-chicken.html]
[asparagus.ae/en/menu/burger-and-sandwiches/healthy-zinger-burger.html]
[asparagus.ae/en/menu/pasta-and-pizza/seafood-pizza.html]
[asparagus.ae/en/menu/pasta-and-pizza/pink-chicken-pasta.html]
[asparagus.ae/en/menu/pasta-and-pizza/white-chicken-pasta.html]
[asparagus.ae/en/menu/pasta-and-pizza/american-classic-pizza.html]
[asparagus.ae/en/menu/pasta-and-pizza/smoked-chicken-pasta.html]
[asparagus.ae/en/menu/pasta-and-pizza/asian-chicken-pizza.html]
[asparagus.ae/en/menu/pasta-and-pizza/beef-spaghetti.html]
[asparagus.ae/en/menu/pasta-and-pizza/asparagus-chicken-pizza.html]
[asparagus.ae/en/menu/pasta-and-pizza/spaggetti-minced-beef.html]
[asparagus.ae/en/menu/main-course/chipotle-chicken-with-beetroot-rice.html]
[asparagus.ae/en/menu/snack/brownies-finger.html]
[asparagus.ae/en/menu/snack/classic-cheesecake.html]
[asparagus.ae/ar/menu/drinks/refreshing-watermelon.html]
[asparagus.ae/ar/menu/drinks/asparagus-combo.html]
[asparagus.ae/ar/menu/drinks/wellness-juice.html]
[asparagus.ae/ar/menu/drinks/call-it-island.html]
[asparagus.ae/ar/menu/drinks/spring-dose.html]
[asparagus.ae/ar/menu/drinks/spring-dose.html]
